mkdir -p ./lib
flags =  -L/usr/lib -shared
make -C src
make[1]: Entering directory '/home/blume/Downloads/seabreeze-3.0.11/SeaBreeze/src'
make[2]: Entering directory '/home/blume/Downloads/seabreeze-3.0.11/SeaBreeze/src/api'
caching SeaBreezeWrapper.d
caching DeviceFactory.d
make[3]: Entering directory '/home/blume/Downloads/seabreeze-3.0.11/SeaBreeze/src/api/seabreezeapi'
caching IrradCalFeatureAdapter.d
caching LightSourceFeatureAdapter.d
caching StrobeLampFeatureAdapter.d
caching SpectrometerFeatureAdapter.d
caching FeatureFamilies.d
caching ContinuousStrobeFeatureAdapter.d
caching NonlinearityCoeffsFeatureAdapter.d
caching PixelBinningFeatureAdapter.d
caching DataBufferFeatureAdapter.d
caching RawUSBBusAccessFeatureAdapter.d
caching TemperatureFeatureAdapter.d
caching RevisionFeatureAdapter.d
caching SpectrumProcessingFeatureAdapter.d
caching AcquisitionDelayFeatureAdapter.d
caching OpticalBenchFeatureAdapter.d
caching DeviceAdapter.d
caching ProtocolFamilies.d
caching ShutterFeatureAdapter.d
caching EEPROMFeatureAdapter.d
caching SeaBreezeAPI.d
caching StrayLightCoeffsFeatureAdapter.d
caching ThermoElectricCoolerFeatureAdapter.d
caching SerialNumberFeatureAdapter.d
building IrradCalFeatureAdapter.o
building LightSourceFeatureAdapter.o
building StrobeLampFeatureAdapter.o
building SpectrometerFeatureAdapter.o
building FeatureFamilies.o
building ContinuousStrobeFeatureAdapter.o
building NonlinearityCoeffsFeatureAdapter.o
building PixelBinningFeatureAdapter.o
building DataBufferFeatureAdapter.o
building RawUSBBusAccessFeatureAdapter.o
building TemperatureFeatureAdapter.o
building RevisionFeatureAdapter.o
building SpectrumProcessingFeatureAdapter.o
building AcquisitionDelayFeatureAdapter.o
building OpticalBenchFeatureAdapter.o
building DeviceAdapter.o
building ProtocolFamilies.o
building ShutterFeatureAdapter.o
building EEPROMFeatureAdapter.o
building SeaBreezeAPI.o
building StrayLightCoeffsFeatureAdapter.o
building ThermoElectricCoolerFeatureAdapter.o
building SerialNumberFeatureAdapter.o
make[3]: Leaving directory '/home/blume/Downloads/seabreeze-3.0.11/SeaBreeze/src/api/seabreezeapi'
building SeaBreezeWrapper.o
building DeviceFactory.o
make[2]: Leaving directory '/home/blume/Downloads/seabreeze-3.0.11/SeaBreeze/src/api'
make[2]: Entering directory '/home/blume/Downloads/seabreeze-3.0.11/SeaBreeze/src/native'
make[3]: Entering directory '/home/blume/Downloads/seabreeze-3.0.11/SeaBreeze/src/native/network'
caching SocketTimeoutException.d
caching SocketException.d
caching UnknownHostException.d
caching Inet4Address.d
make[4]: Entering directory '/home/blume/Downloads/seabreeze-3.0.11/SeaBreeze/src/native/network/posix'
caching NativeSocketPOSIX.d
building NativeSocketPOSIX.o
make[4]: Leaving directory '/home/blume/Downloads/seabreeze-3.0.11/SeaBreeze/src/native/network/posix'
building SocketTimeoutException.o
building SocketException.o
building UnknownHostException.o
building Inet4Address.o
make[3]: Leaving directory '/home/blume/Downloads/seabreeze-3.0.11/SeaBreeze/src/native/network'
make[3]: Entering directory '/home/blume/Downloads/seabreeze-3.0.11/SeaBreeze/src/native/rs232'
caching RS232.d
make[4]: Entering directory '/home/blume/Downloads/seabreeze-3.0.11/SeaBreeze/src/native/rs232/posix'
caching NativeRS232POSIX.d
building NativeRS232POSIX.o
make[4]: Leaving directory '/home/blume/Downloads/seabreeze-3.0.11/SeaBreeze/src/native/rs232/posix'
building RS232.o
make[3]: Leaving directory '/home/blume/Downloads/seabreeze-3.0.11/SeaBreeze/src/native/rs232'
make[3]: Entering directory '/home/blume/Downloads/seabreeze-3.0.11/SeaBreeze/src/native/system'
caching System.d
make[4]: Entering directory '/home/blume/Downloads/seabreeze-3.0.11/SeaBreeze/src/native/system/posix'
caching NativeSystemPOSIX.d
building NativeSystemPOSIX.o
make[4]: Leaving directory '/home/blume/Downloads/seabreeze-3.0.11/SeaBreeze/src/native/system/posix'
building System.o
make[3]: Leaving directory '/home/blume/Downloads/seabreeze-3.0.11/SeaBreeze/src/native/system'
make[3]: Entering directory '/home/blume/Downloads/seabreeze-3.0.11/SeaBreeze/src/native/usb'
caching USBDiscovery.d
caching USB.d
make[4]: Entering directory '/home/blume/Downloads/seabreeze-3.0.11/SeaBreeze/src/native/usb/linux'
caching NativeUSBLinux.d
building NativeUSBLinux.o
make[4]: Leaving directory '/home/blume/Downloads/seabreeze-3.0.11/SeaBreeze/src/native/usb/linux'
building USBDiscovery.o
building USB.o
make[3]: Leaving directory '/home/blume/Downloads/seabreeze-3.0.11/SeaBreeze/src/native/usb'
make[2]: Leaving directory '/home/blume/Downloads/seabreeze-3.0.11/SeaBreeze/src/native'
make[2]: Entering directory '/home/blume/Downloads/seabreeze-3.0.11/SeaBreeze/src/common'
caching U32Vector.d
caching FloatVector.d
caching UnitDescriptor.d
caching ByteVector.d
caching Log.d
caching Data.d
caching DoubleVector.d
caching UShortVector.d
make[3]: Entering directory '/home/blume/Downloads/seabreeze-3.0.11/SeaBreeze/src/common/buses'
caching TransferHelper.d
caching BusFamily.d
caching DeviceLocationProberInterface.d
caching BusFamilies.d
caching Bus.d
make[4]: Entering directory '/home/blume/Downloads/seabreeze-3.0.11/SeaBreeze/src/common/buses/network'
caching TCPIPv4SocketTransferHelper.d
caching IPv4SocketDeviceLocator.d
caching TCPIPv4SocketBus.d
caching IPv4NetworkProtocol.d
building TCPIPv4SocketTransferHelper.o
building IPv4SocketDeviceLocator.o
building TCPIPv4SocketBus.o
building IPv4NetworkProtocol.o
make[4]: Leaving directory '/home/blume/Downloads/seabreeze-3.0.11/SeaBreeze/src/common/buses/network'
make[4]: Entering directory '/home/blume/Downloads/seabreeze-3.0.11/SeaBreeze/src/common/buses/rs232'
caching RS232DeviceLocator.d
caching RS232TransferHelper.d
caching RS232Interface.d
building RS232DeviceLocator.o
building RS232TransferHelper.o
building RS232Interface.o
make[4]: Leaving directory '/home/blume/Downloads/seabreeze-3.0.11/SeaBreeze/src/common/buses/rs232'
make[4]: Entering directory '/home/blume/Downloads/seabreeze-3.0.11/SeaBreeze/src/common/buses/usb'
caching USBTransferHelper.d
caching USBInterface.d
caching USBDeviceLocator.d
building USBTransferHelper.o
building USBInterface.o
building USBDeviceLocator.o
make[4]: Leaving directory '/home/blume/Downloads/seabreeze-3.0.11/SeaBreeze/src/common/buses/usb'
building TransferHelper.o
building BusFamily.o
building DeviceLocationProberInterface.o
building BusFamilies.o
building Bus.o
make[3]: Leaving directory '/home/blume/Downloads/seabreeze-3.0.11/SeaBreeze/src/common/buses'
make[3]: Entering directory '/home/blume/Downloads/seabreeze-3.0.11/SeaBreeze/src/common/devices'
caching Device.d
building Device.o
make[3]: Leaving directory '/home/blume/Downloads/seabreeze-3.0.11/SeaBreeze/src/common/devices'
make[3]: Entering directory '/home/blume/Downloads/seabreeze-3.0.11/SeaBreeze/src/common/features'
caching FeatureImpl.d
caching FeatureFamily.d
building FeatureImpl.o
building FeatureFamily.o
make[3]: Leaving directory '/home/blume/Downloads/seabreeze-3.0.11/SeaBreeze/src/common/features'
make[3]: Entering directory '/home/blume/Downloads/seabreeze-3.0.11/SeaBreeze/src/common/exceptions'
caching ProtocolException.d
caching BusConnectException.d
caching ProtocolBusMismatchException.d
caching BusTransferException.d
caching IllegalArgumentException.d
caching FeatureControlException.d
caching ProtocolFormatException.d
caching NumberFormatException.d
caching FeatureProtocolNotFoundException.d
caching ProtocolTransactionException.d
caching FeatureException.d
caching BusException.d
building ProtocolException.o
building BusConnectException.o
building ProtocolBusMismatchException.o
building BusTransferException.o
building IllegalArgumentException.o
building FeatureControlException.o
building ProtocolFormatException.o
building NumberFormatException.o
building FeatureProtocolNotFoundException.o
building ProtocolTransactionException.o
building FeatureException.o
building BusException.o
make[3]: Leaving directory '/home/blume/Downloads/seabreeze-3.0.11/SeaBreeze/src/common/exceptions'
make[3]: Entering directory '/home/blume/Downloads/seabreeze-3.0.11/SeaBreeze/src/common/protocols'
caching Transaction.d
caching Transfer.d
caching ProtocolFamily.d
caching ProtocolHelper.d
caching ProtocolHint.d
caching Protocol.d
caching Exchange.d
building Transaction.o
building Transfer.o
building ProtocolFamily.o
building ProtocolHelper.o
building ProtocolHint.o
building Protocol.o
building Exchange.o
make[3]: Leaving directory '/home/blume/Downloads/seabreeze-3.0.11/SeaBreeze/src/common/protocols'
building U32Vector.o
building FloatVector.o
building UnitDescriptor.o
building ByteVector.o
building Log.o
building Data.o
building DoubleVector.o
building UShortVector.o
make[2]: Leaving directory '/home/blume/Downloads/seabreeze-3.0.11/SeaBreeze/src/common'
make[2]: Entering directory '/home/blume/Downloads/seabreeze-3.0.11/SeaBreeze/src/vendors'
make[3]: Entering directory '/home/blume/Downloads/seabreeze-3.0.11/SeaBreeze/src/vendors/OceanOptics'
make[4]: Entering directory '/home/blume/Downloads/seabreeze-3.0.11/SeaBreeze/src/vendors/OceanOptics/buses'
make[5]: Entering directory '/home/blume/Downloads/seabreeze-3.0.11/SeaBreeze/src/vendors/OceanOptics/buses/network'
caching JazTCPIPv4.d
caching BlazeTCPIPv4.d
building JazTCPIPv4.o
building BlazeTCPIPv4.o
make[5]: Leaving directory '/home/blume/Downloads/seabreeze-3.0.11/SeaBreeze/src/vendors/OceanOptics/buses/network'
make[5]: Entering directory '/home/blume/Downloads/seabreeze-3.0.11/SeaBreeze/src/vendors/OceanOptics/buses/rs232'
caching OOIRS232Interface.d
building OOIRS232Interface.o
make[5]: Leaving directory '/home/blume/Downloads/seabreeze-3.0.11/SeaBreeze/src/vendors/OceanOptics/buses/rs232'
make[5]: Entering directory '/home/blume/Downloads/seabreeze-3.0.11/SeaBreeze/src/vendors/OceanOptics/buses/usb'
caching OOIUSBControlTransferHelper.d
caching JazUSB.d
caching HR4000USB.d
caching NIRQuest512USB.d
caching OOIUSBInterface.d
caching USB2000PlusUSB.d
caching ApexUSB.d
caching BlazeUSB.d
caching QE65000USB.d
caching HR2000PlusUSB.d
caching STSUSB.d
caching VentanaUSB.d
caching USB4000USB.d
caching Maya2000USB.d
caching OOIUSBTrivialTransferHelper.d
caching SparkUSB.d
caching BlazeUSBTransferHelper.d
caching USB2000USB.d
caching QEProUSB.d
caching TorusUSB.d
caching OOIUSBEndpointMaps.d
caching HR2000USB.d
caching OOIUSBSpectrumTransferHelper.d
caching Maya2000ProUSB.d
caching NIRQuest256USB.d
caching MayaLSLUSB.d
caching FlameNIRUSB.d
caching OOIUSB4KSpectrumTransferHelper.d
building OOIUSBControlTransferHelper.o
building JazUSB.o
building HR4000USB.o
building NIRQuest512USB.o
building OOIUSBInterface.o
building USB2000PlusUSB.o
building ApexUSB.o
building BlazeUSB.o
building QE65000USB.o
building HR2000PlusUSB.o
building STSUSB.o
building VentanaUSB.o
building USB4000USB.o
building Maya2000USB.o
building OOIUSBTrivialTransferHelper.o
building SparkUSB.o
building BlazeUSBTransferHelper.o
building USB2000USB.o
building QEProUSB.o
building TorusUSB.o
building OOIUSBEndpointMaps.o
building HR2000USB.o
building OOIUSBSpectrumTransferHelper.o
building Maya2000ProUSB.o
building NIRQuest256USB.o
building MayaLSLUSB.o
building FlameNIRUSB.o
building OOIUSB4KSpectrumTransferHelper.o
make[5]: Leaving directory '/home/blume/Downloads/seabreeze-3.0.11/SeaBreeze/src/vendors/OceanOptics/buses/usb'
make[4]: Leaving directory '/home/blume/Downloads/seabreeze-3.0.11/SeaBreeze/src/vendors/OceanOptics/buses'
make[4]: Entering directory '/home/blume/Downloads/seabreeze-3.0.11/SeaBreeze/src/vendors/OceanOptics/devices'
caching Apex.d
caching Spark.d
caching QE65000.d
caching NIRQuest256.d
caching USB4000.d
caching QEPro.d
caching Torus.d
caching Maya2000.d
caching FlameNIR.d
caching Blaze.d
caching Jaz.d
caching Maya2000Pro.d
caching USB2000.d
caching HR2000.d
caching MayaLSL.d
caching NIRQuest512.d
caching USB2000Plus.d
caching Ventana.d
caching HR4000.d
caching HR2000Plus.d
caching STS.d
building Apex.o
building Spark.o
building QE65000.o
building NIRQuest256.o
building USB4000.o
building QEPro.o
building Torus.o
building Maya2000.o
building FlameNIR.o
building Blaze.o
building Jaz.o
building Maya2000Pro.o
building USB2000.o
building HR2000.o
building MayaLSL.o
building NIRQuest512.o
building USB2000Plus.o
building Ventana.o
building HR4000.o
building HR2000Plus.o
building STS.o
make[4]: Leaving directory '/home/blume/Downloads/seabreeze-3.0.11/SeaBreeze/src/vendors/OceanOptics/devices'
make[4]: Entering directory '/home/blume/Downloads/seabreeze-3.0.11/SeaBreeze/src/vendors/OceanOptics/features'
make[5]: Entering directory '/home/blume/Downloads/seabreeze-3.0.11/SeaBreeze/src/vendors/OceanOptics/features/acquisition_delay'
caching AcquisitionDelayFeature_FPGA.d
caching AcquisitionDelayFeature.d
caching STSAcquisitionDelayFeature.d
building AcquisitionDelayFeature_FPGA.o
building AcquisitionDelayFeature.o
building STSAcquisitionDelayFeature.o
make[5]: Leaving directory '/home/blume/Downloads/seabreeze-3.0.11/SeaBreeze/src/vendors/OceanOptics/features/acquisition_delay'
make[5]: Entering directory '/home/blume/Downloads/seabreeze-3.0.11/SeaBreeze/src/vendors/OceanOptics/features/continuous_strobe'
caching ContinuousStrobeFeature_FPGA.d
caching ContinuousStrobeFeature.d
building ContinuousStrobeFeature_FPGA.o
building ContinuousStrobeFeature.o
make[5]: Leaving directory '/home/blume/Downloads/seabreeze-3.0.11/SeaBreeze/src/vendors/OceanOptics/features/continuous_strobe'
make[5]: Entering directory '/home/blume/Downloads/seabreeze-3.0.11/SeaBreeze/src/vendors/OceanOptics/features/data_buffer'
caching QEProDataBufferFeature.d
caching DataBufferFeatureBase.d
building QEProDataBufferFeature.o
building DataBufferFeatureBase.o
make[5]: Leaving directory '/home/blume/Downloads/seabreeze-3.0.11/SeaBreeze/src/vendors/OceanOptics/features/data_buffer'
make[5]: Entering directory '/home/blume/Downloads/seabreeze-3.0.11/SeaBreeze/src/vendors/OceanOptics/features/eeprom_slots'
caching SaturationEEPROMSlotFeature_NIRQuest.d
caching WavelengthEEPROMSlotFeature_QE65000.d
caching EEPROMSlotFeatureBase.d
caching WavelengthEEPROMSlotFeature.d
caching SaturationEEPROMSlotFeature_MayaPro.d
caching SaturationEEPROMSlotFeatureBase.d
caching StrayLightEEPROMSlotFeature.d
caching SaturationEEPROMSlotFeature.d
caching SerialNumberEEPROMSlotFeature.d
caching NonlinearityEEPROMSlotFeature.d
caching EEPROMSlotFeature.d
building SaturationEEPROMSlotFeature_NIRQuest.o
building WavelengthEEPROMSlotFeature_QE65000.o
building EEPROMSlotFeatureBase.o
building WavelengthEEPROMSlotFeature.o
building SaturationEEPROMSlotFeature_MayaPro.o
building SaturationEEPROMSlotFeatureBase.o
building StrayLightEEPROMSlotFeature.o
building SaturationEEPROMSlotFeature.o
building SerialNumberEEPROMSlotFeature.o
building NonlinearityEEPROMSlotFeature.o
building EEPROMSlotFeature.o
make[5]: Leaving directory '/home/blume/Downloads/seabreeze-3.0.11/SeaBreeze/src/vendors/OceanOptics/features/eeprom_slots'
make[5]: Entering directory '/home/blume/Downloads/seabreeze-3.0.11/SeaBreeze/src/vendors/OceanOptics/features/fpga_register'
caching FPGARegisterFeature.d
building FPGARegisterFeature.o
make[5]: Leaving directory '/home/blume/Downloads/seabreeze-3.0.11/SeaBreeze/src/vendors/OceanOptics/features/fpga_register'
make[5]: Entering directory '/home/blume/Downloads/seabreeze-3.0.11/SeaBreeze/src/vendors/OceanOptics/features/irradcal'
caching IrradCalFeature.d
building IrradCalFeature.o
make[5]: Leaving directory '/home/blume/Downloads/seabreeze-3.0.11/SeaBreeze/src/vendors/OceanOptics/features/irradcal'
make[5]: Entering directory '/home/blume/Downloads/seabreeze-3.0.11/SeaBreeze/src/vendors/OceanOptics/features/light_source'
caching LightSourceFeatureBase.d
caching StrobeLampFeature.d
caching LightSourceFeatureImpl.d
caching VentanaLightSourceFeature.d
building LightSourceFeatureBase.o
building StrobeLampFeature.o
building LightSourceFeatureImpl.o
building VentanaLightSourceFeature.o
make[5]: Leaving directory '/home/blume/Downloads/seabreeze-3.0.11/SeaBreeze/src/vendors/OceanOptics/features/light_source'
make[5]: Entering directory '/home/blume/Downloads/seabreeze-3.0.11/SeaBreeze/src/vendors/OceanOptics/features/nonlinearity'
caching NonlinearityCoeffsFeature.d
building NonlinearityCoeffsFeature.o
make[5]: Leaving directory '/home/blume/Downloads/seabreeze-3.0.11/SeaBreeze/src/vendors/OceanOptics/features/nonlinearity'
make[5]: Entering directory '/home/blume/Downloads/seabreeze-3.0.11/SeaBreeze/src/vendors/OceanOptics/features/temperature'
caching TemperatureFeature.d
building TemperatureFeature.o
make[5]: Leaving directory '/home/blume/Downloads/seabreeze-3.0.11/SeaBreeze/src/vendors/OceanOptics/features/temperature'
make[5]: Entering directory '/home/blume/Downloads/seabreeze-3.0.11/SeaBreeze/src/vendors/OceanOptics/features/revision'
caching RevisionFeature.d
building RevisionFeature.o
make[5]: Leaving directory '/home/blume/Downloads/seabreeze-3.0.11/SeaBreeze/src/vendors/OceanOptics/features/revision'
make[5]: Entering directory '/home/blume/Downloads/seabreeze-3.0.11/SeaBreeze/src/vendors/OceanOptics/features/optical_bench'
caching OpticalBenchFeature.d
building OpticalBenchFeature.o
make[5]: Leaving directory '/home/blume/Downloads/seabreeze-3.0.11/SeaBreeze/src/vendors/OceanOptics/features/optical_bench'
make[5]: Entering directory '/home/blume/Downloads/seabreeze-3.0.11/SeaBreeze/src/vendors/OceanOptics/features/raw_bus_access'
caching RawUSBBusAccessFeature.d
building RawUSBBusAccessFeature.o
make[5]: Leaving directory '/home/blume/Downloads/seabreeze-3.0.11/SeaBreeze/src/vendors/OceanOptics/features/raw_bus_access'
make[5]: Entering directory '/home/blume/Downloads/seabreeze-3.0.11/SeaBreeze/src/vendors/OceanOptics/features/serial_number'
caching SerialNumberFeature.d
building SerialNumberFeature.o
make[5]: Leaving directory '/home/blume/Downloads/seabreeze-3.0.11/SeaBreeze/src/vendors/OceanOptics/features/serial_number'
make[5]: Entering directory '/home/blume/Downloads/seabreeze-3.0.11/SeaBreeze/src/vendors/OceanOptics/features/shutter'
caching ShutterFeature.d
building ShutterFeature.o
make[5]: Leaving directory '/home/blume/Downloads/seabreeze-3.0.11/SeaBreeze/src/vendors/OceanOptics/features/shutter'
make[5]: Entering directory '/home/blume/Downloads/seabreeze-3.0.11/SeaBreeze/src/vendors/OceanOptics/features/spectrometer'
caching ProgrammableSaturationFeature.d
caching NIRQuest512SpectrometerFeature.d
caching QEProSpectrometerFeature.d
caching SparkSpectrometerFeature.d
caching USB2000SpectrometerFeature.d
caching Maya2000ProSpectrometerFeature.d
caching GainAdjustedSpectrometerFeature.d
caching ApexSpectrometerFeature.d
caching NIRQuestSpectrometerFeature.d
caching USB2000PlusSpectrometerFeature.d
caching HR2000SpectrometerFeature.d
caching VentanaSpectrometerFeature.d
caching HR2000PlusSpectrometerFeature.d
caching STSSpectrometerFeature.d
caching JazSpectrometerFeature.d
caching NIRQuest256SpectrometerFeature.d
caching HR4000SpectrometerFeature.d
caching MayaLSLSpectrometerFeature.d
caching OOISpectrometerFeature.d
caching ProgrammableSaturationFeatureBase.d
caching BlazeSpectrometerFeature.d
caching QE65000SpectrometerFeature.d
caching ProgrammableSaturationFeatureImpl.d
caching FlameNIRSpectrometerFeature.d
caching USB4000SpectrometerFeature.d
caching SpectrometerTriggerMode.d
caching Maya2000SpectrometerFeature.d
building ProgrammableSaturationFeature.o
building NIRQuest512SpectrometerFeature.o
building QEProSpectrometerFeature.o
building SparkSpectrometerFeature.o
building USB2000SpectrometerFeature.o
building Maya2000ProSpectrometerFeature.o
building GainAdjustedSpectrometerFeature.o
building ApexSpectrometerFeature.o
building NIRQuestSpectrometerFeature.o
building USB2000PlusSpectrometerFeature.o
building HR2000SpectrometerFeature.o
building VentanaSpectrometerFeature.o
building HR2000PlusSpectrometerFeature.o
building STSSpectrometerFeature.o
building JazSpectrometerFeature.o
building NIRQuest256SpectrometerFeature.o
building HR4000SpectrometerFeature.o
building MayaLSLSpectrometerFeature.o
building OOISpectrometerFeature.o
building ProgrammableSaturationFeatureBase.o
building BlazeSpectrometerFeature.o
building QE65000SpectrometerFeature.o
building ProgrammableSaturationFeatureImpl.o
building FlameNIRSpectrometerFeature.o
building USB4000SpectrometerFeature.o
building SpectrometerTriggerMode.o
building Maya2000SpectrometerFeature.o
make[5]: Leaving directory '/home/blume/Downloads/seabreeze-3.0.11/SeaBreeze/src/vendors/OceanOptics/features/spectrometer'
make[5]: Entering directory '/home/blume/Downloads/seabreeze-3.0.11/SeaBreeze/src/vendors/OceanOptics/features/spectrum_processing'
caching SpectrumProcessingFeature.d
building SpectrumProcessingFeature.o
make[5]: Leaving directory '/home/blume/Downloads/seabreeze-3.0.11/SeaBreeze/src/vendors/OceanOptics/features/spectrum_processing'
make[5]: Entering directory '/home/blume/Downloads/seabreeze-3.0.11/SeaBreeze/src/vendors/OceanOptics/features/stray_light'
caching StrayLightCoeffsFeature.d
building StrayLightCoeffsFeature.o
make[5]: Leaving directory '/home/blume/Downloads/seabreeze-3.0.11/SeaBreeze/src/vendors/OceanOptics/features/stray_light'
make[5]: Entering directory '/home/blume/Downloads/seabreeze-3.0.11/SeaBreeze/src/vendors/OceanOptics/features/thermoelectric'
caching VentanaThermoElectricFeature.d
caching ThermoElectricQEFeature.d
caching QEProThermoElectricFeature.d
caching ThermoElectricFeatureBase.d
building VentanaThermoElectricFeature.o
building ThermoElectricQEFeature.o
building QEProThermoElectricFeature.o
building ThermoElectricFeatureBase.o
make[5]: Leaving directory '/home/blume/Downloads/seabreeze-3.0.11/SeaBreeze/src/vendors/OceanOptics/features/thermoelectric'
make[5]: Entering directory '/home/blume/Downloads/seabreeze-3.0.11/SeaBreeze/src/vendors/OceanOptics/features/wavecal'
caching WaveCalFeature.d
building WaveCalFeature.o
make[5]: Leaving directory '/home/blume/Downloads/seabreeze-3.0.11/SeaBreeze/src/vendors/OceanOptics/features/wavecal'
make[5]: Entering directory '/home/blume/Downloads/seabreeze-3.0.11/SeaBreeze/src/vendors/OceanOptics/features/pixel_binning'
caching PixelBinningFeatureInterface.d
caching STSPixelBinningFeature.d
building PixelBinningFeatureInterface.o
building STSPixelBinningFeature.o
make[5]: Leaving directory '/home/blume/Downloads/seabreeze-3.0.11/SeaBreeze/src/vendors/OceanOptics/features/pixel_binning'
make[4]: Leaving directory '/home/blume/Downloads/seabreeze-3.0.11/SeaBreeze/src/vendors/OceanOptics/features'
make[4]: Entering directory '/home/blume/Downloads/seabreeze-3.0.11/SeaBreeze/src/vendors/OceanOptics/protocols'
make[5]: Entering directory '/home/blume/Downloads/seabreeze-3.0.11/SeaBreeze/src/vendors/OceanOptics/protocols/interfaces'
caching AcquisitionDelayProtocolInterface.d
caching IrradCalProtocolInterface.d
caching SpectrometerProtocolInterface.d
caching RevisionProtocolInteface.d
caching ProgrammableSaturationProtocolInteface.d
caching OpticalBenchProtocolInteface.d
caching ShutterProtocolInterface.d
caching DataBufferProtocolInterface.d
caching WaveCalProtocolInterface.d
caching StrayLightCoeffsProtocolInterface.d
caching NonlinearityCoeffsProtocolInterface.d
caching ThermoElectricProtocolInterface.d
caching ContinuousStrobeProtocolInterface.d
caching StrobeLampProtocolInterface.d
caching LightSourceProtocolInterface.d
caching TemperatureProtocolInteface.d
caching PixelBinningProtocolInterface.d
caching FPGARegisterProtocolInterface.d
caching SpectrumProcessingProtocolInteface.d
caching EEPROMProtocolInterface.d
caching SerialNumberProtocolInterface.d
building AcquisitionDelayProtocolInterface.o
building IrradCalProtocolInterface.o
building SpectrometerProtocolInterface.o
building RevisionProtocolInteface.o
building ProgrammableSaturationProtocolInteface.o
building OpticalBenchProtocolInteface.o
building ShutterProtocolInterface.o
building DataBufferProtocolInterface.o
building WaveCalProtocolInterface.o
building StrayLightCoeffsProtocolInterface.o
building NonlinearityCoeffsProtocolInterface.o
building ThermoElectricProtocolInterface.o
building ContinuousStrobeProtocolInterface.o
building StrobeLampProtocolInterface.o
building LightSourceProtocolInterface.o
building TemperatureProtocolInteface.o
building PixelBinningProtocolInterface.o
building FPGARegisterProtocolInterface.o
building SpectrumProcessingProtocolInteface.o
building EEPROMProtocolInterface.o
building SerialNumberProtocolInterface.o
make[5]: Leaving directory '/home/blume/Downloads/seabreeze-3.0.11/SeaBreeze/src/vendors/OceanOptics/protocols/interfaces'
make[5]: Entering directory '/home/blume/Downloads/seabreeze-3.0.11/SeaBreeze/src/vendors/OceanOptics/protocols/ooi'
make[6]: Entering directory '/home/blume/Downloads/seabreeze-3.0.11/SeaBreeze/src/vendors/OceanOptics/protocols/ooi/constants'
caching FPGARegisterCodes.d
caching OpCodes.d
building FPGARegisterCodes.o
building OpCodes.o
make[6]: Leaving directory '/home/blume/Downloads/seabreeze-3.0.11/SeaBreeze/src/vendors/OceanOptics/protocols/ooi/constants'
make[6]: Entering directory '/home/blume/Downloads/seabreeze-3.0.11/SeaBreeze/src/vendors/OceanOptics/protocols/ooi/exchanges'
caching ReadTECTemperatureExchange.d
caching OOI2KSpectrumExchange.d
caching TriggerModeExchange.d
caching OOIReadIrradCalExchange.d
caching JazSpectrumExchange.d
caching NIRQuestSpectrumExchange.d
caching FPGASpectrumExchange.d
caching WriteTECQESetPointExchange.d
caching FPGARegisterWriteExchange.d
caching MayaProSpectrumExchange.d
caching USBFPGASpectrumExchange.d
caching FPGARegisterReadExchange.d
caching QESpectrumExchange.d
caching ReadTECQETemperatureExchange.d
caching RequestSpectrumExchange.d
caching StrobeEnableExchange.d
caching HRFPGASpectrumExchange.d
caching ReadEEPROMSlotExchange.d
caching ReadSpectrumExchange.d
caching IntegrationTimeExchange.d
caching WriteEEPROMSlotExchange.d
caching TECEnableExchange.d
caching FlameNIRSpectrumExchange.d
caching OOIIrradCalExchange.d
caching WriteTECSetPointExchange.d
caching OOIWriteIrradCalExchange.d
caching TECQEEnableExchange.d
building ReadTECTemperatureExchange.o
building OOI2KSpectrumExchange.o
building TriggerModeExchange.o
building OOIReadIrradCalExchange.o
building JazSpectrumExchange.o
building NIRQuestSpectrumExchange.o
building FPGASpectrumExchange.o
building WriteTECQESetPointExchange.o
building FPGARegisterWriteExchange.o
building MayaProSpectrumExchange.o
building USBFPGASpectrumExchange.o
building FPGARegisterReadExchange.o
building QESpectrumExchange.o
building ReadTECQETemperatureExchange.o
building RequestSpectrumExchange.o
building StrobeEnableExchange.o
building HRFPGASpectrumExchange.o
building ReadEEPROMSlotExchange.o
building ReadSpectrumExchange.o
building IntegrationTimeExchange.o
building WriteEEPROMSlotExchange.o
building TECEnableExchange.o
building FlameNIRSpectrumExchange.o
building OOIIrradCalExchange.o
building WriteTECSetPointExchange.o
building OOIWriteIrradCalExchange.o
building TECQEEnableExchange.o
make[6]: Leaving directory '/home/blume/Downloads/seabreeze-3.0.11/SeaBreeze/src/vendors/OceanOptics/protocols/ooi/exchanges'
make[6]: Entering directory '/home/blume/Downloads/seabreeze-3.0.11/SeaBreeze/src/vendors/OceanOptics/protocols/ooi/hints'
caching SpectrumHint.d
caching ControlHint.d
building SpectrumHint.o
building ControlHint.o
make[6]: Leaving directory '/home/blume/Downloads/seabreeze-3.0.11/SeaBreeze/src/vendors/OceanOptics/protocols/ooi/hints'
make[6]: Entering directory '/home/blume/Downloads/seabreeze-3.0.11/SeaBreeze/src/vendors/OceanOptics/protocols/ooi/impls'
caching FPGARegisterProtocol.d
caching OOIEEPROMProtocol.d
caching OOITECProtocol.d
caching OOIIrradCalProtocol.d
caching OOIProtocol.d
caching OOISpectrometerProtocol.d
caching OOIStrobeLampProtocol.d
building FPGARegisterProtocol.o
building OOIEEPROMProtocol.o
building OOITECProtocol.o
building OOIIrradCalProtocol.o
building OOIProtocol.o
building OOISpectrometerProtocol.o
building OOIStrobeLampProtocol.o
make[6]: Leaving directory '/home/blume/Downloads/seabreeze-3.0.11/SeaBreeze/src/vendors/OceanOptics/protocols/ooi/impls'
make[5]: Leaving directory '/home/blume/Downloads/seabreeze-3.0.11/SeaBreeze/src/vendors/OceanOptics/protocols/ooi'
make[5]: Entering directory '/home/blume/Downloads/seabreeze-3.0.11/SeaBreeze/src/vendors/OceanOptics/protocols/obp'
make[6]: Entering directory '/home/blume/Downloads/seabreeze-3.0.11/SeaBreeze/src/vendors/OceanOptics/protocols/obp/exchanges'
caching OBPGetOpticalBenchGratingExchange.d
caching OBPContinuousStrobeEnableExchange.d
caching OBPGetBoxcarWidthExchange.d
caching OBPGetPixelBinningExchange.d
caching OBPGetDataBufferCapacityExchange.d
caching OBPReadSpectrumExchange.d
caching OBPTriggerModeExchange.d
caching OBPTransaction.d
caching OBPSetScansToAverageExchange.d
caching OBPCommand.d
caching OBPLampEnableCommand.d
caching OBPSetIrradCollectionAreaExchange.d
caching OBPReadRawSpectrum32AndMetadataExchange.d
caching OBPLightSourceEnabledQuery.d
caching OBPSetAcquisitionDelayExchange.d
caching OBPGetNonlinearityCoeffsCountExchange.d
caching OBPGetNonlinearityCoeffExchange.d
caching OBPMessage.d
caching OBPSetThermoElectricEnableExchange.d
caching OBPGetHardwareRevisionExchange.d
caching OBPGetOpticalBenchSlitWidthMicronsExchange.d
caching OBPGetAllTemperaturesExchange.d
caching OBPGetThermoElectricTemperatureExchange.d
caching OBPSetDataBufferCapacityExchange.d
caching OBPContinuousStrobePeriodExchange.d
caching OBPGetScansToAverageExchange.d
caching OBPGetFirmwareRevisionExchange.d
caching OBPReadRawSpectrumExchange.d
caching OBPGetSerialNumberExchange.d
caching OBPGetIrradCalExchange.d
caching OBPGetDataBufferMaximumCapacityExchange.d
caching OBPGetTemperatureExchange.d
caching OBPGetDataBufferCountExchange.d
caching OBPReadSpectrumWithGainExchange.d
caching OBPLightSourceEnableCommand.d
caching OBPIntegrationTimeExchange.d
caching OBPSetBoxcarWidthExchange.d
caching OBPGetSaturationExchange.d
caching OBPGetWaveCalExchange.d
caching OBPSetIrradCalExchange.d
caching OBPGetSerialNumberMaximumLengthExchange.d
caching OBPGetMaxPixelBinningExchange.d
caching OBPQuery.d
caching OBPGetStrayLightCoeffExchange.d
caching OBPGetOpticalBenchFilterExchange.d
caching OBPSetDefaultPixelBinningFactorExchange.d
caching OBPGetOpticalBenchFiberDiameterMicronsExchange.d
caching OBPGetOpticalBenchIDExchange.d
caching OBPGetStrayLightCoeffsCountExchange.d
caching OBPGetOpticalBenchCoatingExchange.d
caching OBPLightSourceIntensityQuery.d
caching OBPRequestSpectrumExchange.d
caching OBPDataBufferClearExchange.d
caching OBPReadSpectrum32AndMetadataExchange.d
caching OBPSetThermoElectricSetpointExchange.d
caching OBPGetOpticalBenchSerialNumberExchange.d
caching OBPSetPixelBinningExchange.d
caching OBPRequestRawSpectrumExchange.d
caching OBPRequestBufferedSpectrum32AndMetadata.d
caching OBPLightSourceIntensityCommand.d
caching OBPShutterExchange.d
caching OBPGetIrradCollectionAreaExchange.d
caching OBPGetTemperatureCountExchange.d
caching OBPGetDefaultPixelBinningExchange.d
building OBPGetOpticalBenchGratingExchange.o
building OBPContinuousStrobeEnableExchange.o
building OBPGetBoxcarWidthExchange.o
building OBPGetPixelBinningExchange.o
building OBPGetDataBufferCapacityExchange.o
building OBPReadSpectrumExchange.o
building OBPTriggerModeExchange.o
building OBPTransaction.o
building OBPSetScansToAverageExchange.o
building OBPCommand.o
building OBPLampEnableCommand.o
building OBPSetIrradCollectionAreaExchange.o
building OBPReadRawSpectrum32AndMetadataExchange.o
building OBPLightSourceEnabledQuery.o
building OBPSetAcquisitionDelayExchange.o
building OBPGetNonlinearityCoeffsCountExchange.o
building OBPGetNonlinearityCoeffExchange.o
building OBPMessage.o
building OBPSetThermoElectricEnableExchange.o
building OBPGetHardwareRevisionExchange.o
building OBPGetOpticalBenchSlitWidthMicronsExchange.o
building OBPGetAllTemperaturesExchange.o
building OBPGetThermoElectricTemperatureExchange.o
building OBPSetDataBufferCapacityExchange.o
building OBPContinuousStrobePeriodExchange.o
building OBPGetScansToAverageExchange.o
building OBPGetFirmwareRevisionExchange.o
building OBPReadRawSpectrumExchange.o
building OBPGetSerialNumberExchange.o
building OBPGetIrradCalExchange.o
building OBPGetDataBufferMaximumCapacityExchange.o
building OBPGetTemperatureExchange.o
building OBPGetDataBufferCountExchange.o
building OBPReadSpectrumWithGainExchange.o
building OBPLightSourceEnableCommand.o
building OBPIntegrationTimeExchange.o
building OBPSetBoxcarWidthExchange.o
building OBPGetSaturationExchange.o
building OBPGetWaveCalExchange.o
building OBPSetIrradCalExchange.o
building OBPGetSerialNumberMaximumLengthExchange.o
building OBPGetMaxPixelBinningExchange.o
building OBPQuery.o
building OBPGetStrayLightCoeffExchange.o
building OBPGetOpticalBenchFilterExchange.o
building OBPSetDefaultPixelBinningFactorExchange.o
building OBPGetOpticalBenchFiberDiameterMicronsExchange.o
building OBPGetOpticalBenchIDExchange.o
building OBPGetStrayLightCoeffsCountExchange.o
building OBPGetOpticalBenchCoatingExchange.o
building OBPLightSourceIntensityQuery.o
building OBPRequestSpectrumExchange.o
building OBPDataBufferClearExchange.o
building OBPReadSpectrum32AndMetadataExchange.o
building OBPSetThermoElectricSetpointExchange.o
building OBPGetOpticalBenchSerialNumberExchange.o
building OBPSetPixelBinningExchange.o
building OBPRequestRawSpectrumExchange.o
building OBPRequestBufferedSpectrum32AndMetadata.o
building OBPLightSourceIntensityCommand.o
building OBPShutterExchange.o
building OBPGetIrradCollectionAreaExchange.o
building OBPGetTemperatureCountExchange.o
building OBPGetDefaultPixelBinningExchange.o
make[6]: Leaving directory '/home/blume/Downloads/seabreeze-3.0.11/SeaBreeze/src/vendors/OceanOptics/protocols/obp/exchanges'
make[6]: Entering directory '/home/blume/Downloads/seabreeze-3.0.11/SeaBreeze/src/vendors/OceanOptics/protocols/obp/hints'
caching OBPSpectrumHint.d
caching OBPControlHint.d
building OBPSpectrumHint.o
building OBPControlHint.o
make[6]: Leaving directory '/home/blume/Downloads/seabreeze-3.0.11/SeaBreeze/src/vendors/OceanOptics/protocols/obp/hints'
make[6]: Entering directory '/home/blume/Downloads/seabreeze-3.0.11/SeaBreeze/src/vendors/OceanOptics/protocols/obp/impls'
caching OBPOpticalBenchProtocol.d
caching OBPContinuousStrobeProtocol.d
caching OBPThermoElectricProtocol.d
caching OBPStrobeLampProtocol.d
caching OBPLightSourceProtocol.d
caching OBPAcquisitionDelayProtocol.d
caching OBPShutterProtocol.d
caching OBPProgrammableSaturationProtocol.d
caching OBPSerialNumberProtocol.d
caching OBPRevisionProtocol.d
caching OBPIrradCalProtocol.d
caching OBPSpectrometerProtocol.d
caching OBPTemperatureProtocol.d
caching OBPPixelBinningProtocol.d
caching OBPSpectrumProcessingProtocol.d
caching OBPLightSourceProtocol_Ventana.d
caching OBPDataBufferProtocol.d
caching OBPWaveCalProtocol.d
caching OBPStrayLightCoeffsProtocol.d
caching OceanBinaryProtocol.d
caching OBPNonlinearityCoeffsProtocol.d
building OBPOpticalBenchProtocol.o
building OBPContinuousStrobeProtocol.o
building OBPThermoElectricProtocol.o
building OBPStrobeLampProtocol.o
building OBPLightSourceProtocol.o
building OBPAcquisitionDelayProtocol.o
building OBPShutterProtocol.o
building OBPProgrammableSaturationProtocol.o
building OBPSerialNumberProtocol.o
building OBPRevisionProtocol.o
building OBPIrradCalProtocol.o
building OBPSpectrometerProtocol.o
building OBPTemperatureProtocol.o
building OBPPixelBinningProtocol.o
building OBPSpectrumProcessingProtocol.o
building OBPLightSourceProtocol_Ventana.o
building OBPDataBufferProtocol.o
building OBPWaveCalProtocol.o
building OBPStrayLightCoeffsProtocol.o
building OceanBinaryProtocol.o
building OBPNonlinearityCoeffsProtocol.o
make[6]: Leaving directory '/home/blume/Downloads/seabreeze-3.0.11/SeaBreeze/src/vendors/OceanOptics/protocols/obp/impls'
make[5]: Leaving directory '/home/blume/Downloads/seabreeze-3.0.11/SeaBreeze/src/vendors/OceanOptics/protocols/obp'
make[4]: Leaving directory '/home/blume/Downloads/seabreeze-3.0.11/SeaBreeze/src/vendors/OceanOptics/protocols'
make[3]: Leaving directory '/home/blume/Downloads/seabreeze-3.0.11/SeaBreeze/src/vendors/OceanOptics'
make[2]: Leaving directory '/home/blume/Downloads/seabreeze-3.0.11/SeaBreeze/src/vendors'
make[1]: Leaving directory '/home/blume/Downloads/seabreeze-3.0.11/SeaBreeze/src'
g++  -L/usr/lib -shared -o lib/libseabreeze.so lib/*.o  
make -C test
make[1]: Entering directory '/home/blume/Downloads/seabreeze-3.0.11/SeaBreeze/test'
building seabreeze_test_posix.o
building api_test.o
building spectral_correction.o
linking seabreeze_test_posix
gcc -o seabreeze_test_posix seabreeze_test_posix.o spectral_correction.o -lseabreeze -L../lib -L/usr/lib -lusb -lstdc++ -lm
linking api_test
gcc -o api_test api_test.o spectral_correction.o -lseabreeze -L../lib -L/usr/lib -lusb -lstdc++ -lm
make[1]: Leaving directory '/home/blume/Downloads/seabreeze-3.0.11/SeaBreeze/test'
make -C sample-code
make[1]: Entering directory '/home/blume/Downloads/seabreeze-3.0.11/SeaBreeze/sample-code'
make[2]: Entering directory '/home/blume/Downloads/seabreeze-3.0.11/SeaBreeze/sample-code/c'
building seabreeze-util.o
building demo-raw-usb.o
building demo-timeout.o
building demo-sts-eeprom.o
building demo-strobe-sts.o
building demo-unformatted-spectrum.o
building demo-raw-usb-seabreezeapi.o
building demo-pthreads.o
building demo-sts-api.o
building demo-streaming-xml.o
building demo-strobe.o
building demo-stability-scan.o
building demo-timing.o
building demo-named-spectrometer.o
building demo-averaging.o
building demo-qepro-api.o
building util.o
linking seabreeze-util
linking demo-raw-usb
linking demo-timeout
linking demo-sts-eeprom
linking demo-strobe-sts
linking demo-unformatted-spectrum
linking demo-raw-usb-seabreezeapi
linking demo-pthreads
linking demo-sts-api
linking demo-streaming-xml
linking demo-strobe
linking demo-stability-scan
linking demo-timing
linking demo-named-spectrometer
linking demo-averaging
linking demo-qepro-api
make[2]: Leaving directory '/home/blume/Downloads/seabreeze-3.0.11/SeaBreeze/sample-code/c'
make[2]: Entering directory '/home/blume/Downloads/seabreeze-3.0.11/SeaBreeze/sample-code/cpp'
building data-collection.o
building util.o
linking data-collection
make[2]: Leaving directory '/home/blume/Downloads/seabreeze-3.0.11/SeaBreeze/sample-code/cpp'
make[1]: Leaving directory '/home/blume/Downloads/seabreeze-3.0.11/SeaBreeze/sample-code'
